Command: reconstructed pre-TASK-012 Dockerfile in memory and generated a unified diff against the working Dockerfile
Exit: 0

--- Dockerfile.pre-task-012
+++ Dockerfile
@@ -91,7 +91,7 @@
     --extra extra_proxy \
     --extra semantic-router \
     --extra saml \
-    --python python3.13
+    --python /usr/bin/python3.13

 # Copy full source tree
 COPY . .
@@ -112,7 +112,7 @@
     --extra extra_proxy \
     --extra semantic-router \
     --extra saml \
-    --python python3.13
+    --python /usr/bin/python3.13

 RUN HOME=/opt/prisma XDG_CACHE_HOME=/opt/prisma/.cache PRISMA_BINARY_CACHE_DIR=/opt/prisma/binaries \
     npm_config_cache=/root/.npm \
@@ -161,7 +161,7 @@
     chmod -R a+rX /opt/prisma && \
     test -x /opt/prisma/binaries/node_modules/.bin/prisma && \
     test -f /opt/prisma/binaries/node_modules/prisma/build/index.js && \
-    python -c "from prisma.client import BINARY_PATHS; paths = list(BINARY_PATHS.query_engine.values()); assert paths and all(p.startswith('/opt/prisma/') for p in paths), paths"
+    /app/.venv/bin/python -c "from prisma.client import BINARY_PATHS; paths = list(BINARY_PATHS.query_engine.values()); assert paths and all(p.startswith('/opt/prisma/') for p in paths), paths"

 EXPOSE 4000/tcp
