RESULT APPROVE
execution=documentation_only
new_runtime_checks=0
mutations=0
governing_default_semantics=explicit_official_contract_default
opencode_named_modes_per_source=41
opencode_default_captures_per_source=8
opencode_captures_per_source=49
opencode_sources=2
opencode_total_captures=98
opencode_version=1.18.23
plugin_version=0.2.2
opencode_deployed_alias_equivalence=21
opencode_retired_present=0
opencode_near_matches=0
opencode_load_failures=0
opencode_stale_version_hits=0
opencode_double_load=false
codex_version=0.149.1
codex_rows=8
codex_mode_captures=40
codex_switch_captures=8
codex_failures=0
codex_production_files_unchanged=true
fedora_read_apis=5
fedora_raw_absence_dependency_aggregates=8
fedora_retired_alias_probes=8
fedora_access_hash_equal=true
fedora_redirect_failures=0
nas_registry_gate=pass
nas_client_config_gate=pass
syncthing_reachable_scope_gate=pass
scr_ac_1_through_14=pass
task_t6_ac_1_through_7=pass
task005_count_correction=41_named_plus_8_default_per_source
staticeng_validate=preexisting_unrelated_codemap_backlog
residual_followup=offline_peers_and_npm_oidc_authorization
redaction=credentials, authorization values, raw configuration, prompts, responses, deployment identities, addresses, and database payloads omitted
