host=fedora
readiness_http_status=200
liveliness_http_status=200
model_info_http_status=200
deployment_count=19
intended_qwen_present=true
stale_qwen_deployment_present=false
container_state=running
container_health=healthy
container_restart_count=0
container_oom_killed=false
router_num_retries=3
router_allowed_fails=1
router_cooldown_time_seconds=30
router_fallback_rule_count=19
generic_router_policy_changed=NO
context_fallback_policy_changed=NO
verification_window_start_utc=2026-07-16T13:35:00Z
verification_window_end_utc=2026-07-16T13:36:14Z
stale_alias_log_lines=0
raw_logs_prompts_responses_credentials_headers_identifiers=OMITTED

reopen1_verification_window_start_utc=2026-07-16T14:36:01Z
reopen1_verification_window_end_utc=2026-07-16T14:37:13Z
reopen1_stale_alias_log_lines=0
reopen1_container_health=healthy
reopen1_container_restart_count=0
reopen1_container_oom_killed=false
reopen1_inference_requests_sent=0
