host=fedora
edit_method=parsed JSON, remove exact stale catalog key, fsync, atomic replace
opencode_backup=/home/staticduo/.config/opencode/opencode.json.bak-TASK-2026-07-16-002-20260716T132505Z
opencode_backup_mode=0600
opencode_post_edit_mode=0600
opencode_current_mode_after_receiveonly_restore=0644
opencode_pre_override_count=29
opencode_post_override_count=28
opencode_only_stale_override_removed=PASS_BEFORE_RECEIVEONLY_RESTORE
opencode_intended_override_preserved=PASS
opencode_syncthing_folder_type=receiveonly
opencode_local_repair_restore_count=2
opencode_current_stale_override_occurrences=0
openclaw_backup=/home/staticduo/.openclaw/openclaw.json.bak-TASK-2026-07-16-002-20260716T133311Z
openclaw_backup_mode=0600
openclaw_config_mode=0600
openclaw_only_stale_catalog_removed=PASS
openclaw_intended_catalog_entry_preserved=PASS
active_config_job_source_matches=0
remaining_active_source=none
opencode_json_parse=PASS
opencode_debug_config=PASS
openclaw_json_parse=PASS
openclaw_config_validate=PASS
opencode_service=active
defend_opencode_service=active
openclaw_gateway_service=active
historical_backups_memories_sessions_modified=NO
auth_token_files_modified=NO
secrets_or_config_contents_captured=NO

reopen1_authoritative_host=nas
reopen1_authoritative_backup=/home/staticduo/.config/opencode/opencode.json.bak-TASK-2026-07-16-002-reopen1-20260716T143110Z
reopen1_authoritative_backup_mode=0600
reopen1_resolved_edit_backup=/home/staticduo/.config/opencode/opencode.json.bak-TASK-2026-07-16-002-reopen1-resolved-20260716T143509Z
reopen1_resolved_edit_backup_mode=0600
reopen1_nas_config_mode=0600
reopen1_edit_method=parsed JSON, remove exact stale override, add exact discovery exclusion, fsync, atomic replace
reopen1_expected_semantic_change_only=PASS
reopen1_nas_stale_override_present=false
reopen1_nas_stale_model_excluded=true
reopen1_nas_intended_override_present=true
reopen1_nas_resolved_stale_model_entries=0
reopen1_nas_resolved_intended_model_entries_present=true
reopen1_fedora_syncthing_folder_type=receiveonly
reopen1_fedora_local_sync_exception_created=NO
reopen1_fedora_config_mode=0600
reopen1_fedora_stale_override_present=false
reopen1_fedora_stale_model_excluded=true
reopen1_fedora_intended_override_present=true
reopen1_fedora_resolved_stale_model_entries=0
reopen1_fedora_resolved_intended_model_entries_present=true
reopen1_nas_opencode_debug_config=PASS
reopen1_fedora_opencode_debug_config=PASS
