RESULT PASS
target_peer=cachyos
target_folder=OpenCode receive-only folder
backup_path=/home/staticduo/.local/state/staticeng-backups/TASK-2026-08-26-017B-repair-syncthing-peer/AGENTS.md.pre-revert-20260826T133633Z
backup_outside_syncthing_folder_count=2
backup_regular_file=true
backup_owner_is_effective_user=true
backup_mode=0700
backup_size_bytes=4449
backup_mtime=2026-08-22T07:29:28.855430+02:00
backup_size_matches_source=true
backup_mtime_ns_matches_source=true
backup_mode_matches_source=true
backup_uid_matches_source=true
backup_gid_matches_source=true
supported_revert_invoked=true
nas_override_count=0
syncthing_config_edit_count=0
restart_count=0
peer_receive_only_items=0
peer_need_items=0
peer_need_queue_items=0
peer_need_bytes=0
peer_need_deletes=0
nas_peer_completion_percent=100
nas_peer_need_items=0
nas_peer_need_bytes=0
nas_peer_need_deletes=0
nas_folder_state=idle
peer_folder_state=idle
nas_folder_paused=false
peer_folder_paused=false
sequences_aligned=true
nas_pull_errors=0
peer_pull_errors=0
nas_folder_errors=0
peer_folder_errors=0
nas_watch_errors=0
peer_watch_errors=0
conflict_count=0
bounded_peer_scan=completed
post_scan_snapshot_count=2
post_scan_snapshots_identical=true
staticeng_validate=pre-existing repository-wide missing-CodeMap backlog
automatic_backup_restore=false
rollback_warning=restoring the backup recreates receive-only divergence and requires separate authorization
redaction=device IDs, network addresses, credentials, shared file contents, and content-derived hashes omitted
