$ bash -n harness/generate-watchdog-harness.sh
PASS
$ bash -n harness/test-watchdog-harness.sh
PASS
$ harness/test-watchdog-harness.sh
signal_hup=pass
signal_int=pass
signal_term=pass
memory_absolute=pass
available=pass
swap=pass
psi=pass
restart=pass
oom=pass
exit_137=pass
pids=pass
fds=pass
postgres=pass
redis_clients=pass
disk_bytes=pass
disk_percent=pass
dependency=pass
protected=pass
liveliness=pass
readiness=pass
kernel_oom=pass
health=pass
identity_image=pass
identity_config=pass
identity_source=pass
identity_container=pass
cgroup_oom=pass
cgroup_oom_kill=pass
cpu=pass
redis_blocked=pass
rate=pass
baseline=pass
memory=pass
memory_steady=pass
post_memory_growth=pass
post_rss_growth=pass
post_anonymous_growth=pass
post_dirty_growth=pass
post_threads_growth=pass
post_pids_growth=pass
post_fds_growth=pass
control_data=pass
control_security=pass
control_secret=pass
control_observability=pass
control_rollback_confidence=pass
control_maintenance_deadline=pass
instrumentation_schema=pass
instrumentation_numeric=pass
instrumentation_oom=pass
instrumentation_sample_timeout=pass
instrumentation_jq=pass
instrumentation_cgroup=pass
instrumentation_proc=pass
instrumentation_psi=pass
instrumentation_process=pass
instrumentation_fd=pass
instrumentation_socket=pass
instrumentation_cpu=pass
instrumentation_postgres=pass
instrumentation_redis=pass
instrumentation_disk=pass
instrumentation_dependency=pass
instrumentation_health=pass
instrumentation_identity=pass
instrumentation_oom=pass
instrumentation_data=pass
instrumentation_security=pass
instrumentation_secret=pass
instrumentation_observability=pass
generated_docker_timeout=pass
generated_docker_error=pass
generated_postgres_timeout=pass
generated_postgres_error=pass
generated_redis_timeout=pass
generated_redis_error=pass
generated_health_timeout=pass
generated_health_error=pass
generated_dependency_timeout=pass
generated_dependency_error=pass
generated_journal_timeout=pass
generated_journal_error=pass
generated_journal_match_distinct=pass
three_timeout_cycles_elapsed_2.798=pass
missing_protected-baseline_sha256=pass
missing_control-state=pass
missing_maintenance-deadline-monotonic=pass
missing_rollback-confidence=pass
missing_dependencies_digest=pass
missing_watchdog-start-wall=pass
invalid_rollback_confidence=pass
invalid_control=pass
expired_deadline=pass
signal_hung_sample_client_before_rollback=pass
baseline_final_30_max=pass
rollback_failure=pass
proof_31_samples=pass
proof_owned_pointer_log_control=pass
proof_no_cross_state_mutation=pass
proof_failure_noop_rollback=pass
proof_failure_no_cross_state_mutation=pass
proof_rejects_production_pointer_link=pass
proof_rejects_production_control_link=pass
proof_rejects_production_log_link=pass
proof_rejects_production_root=pass
exact_rollback=pass
real_watcher_exact_rollback=pass
proof_real_rollback_separation=pass
tests=pass
