memory_absolute=pass
rate=pass
cgroup_oom=pass
cgroup_oom_kill=pass
restart=pass
pids=pass
fds=pass
cgroup_oom=pass
oom=pass
exit_137=pass
startup_candidate_resource_gates=pass
startup_health_tolerant_resources_sampled=pass
generated_watcher_nonce_ready=pass
generated_watcher_stale_nonce_rejected=pass
generated_watcher_rollback_intent_wins=pass
signal_hup=pass
signal_int=pass
signal_term=pass
memory_absolute=pass
available=pass
swap=pass
psi=pass
restart=pass
oom=pass
exit_137=pass
pids=pass
fds=pass
postgres=pass
redis_clients=pass
disk_bytes=pass
disk_percent=pass
dependency=pass
protected=pass
liveliness=pass
readiness=pass
kernel_oom=pass
health=pass
identity_image=pass
identity_config=pass
identity_source=pass
identity_container=pass
cgroup_oom=pass
cgroup_oom_kill=pass
cpu=pass
redis_blocked=pass
rate=pass
baseline=pass
memory=pass
memory_steady=pass
post_memory_growth=pass
post_rss_growth=pass
post_anonymous_growth=pass
post_dirty_growth=pass
post_threads_growth=pass
post_pids_growth=pass
post_fds_growth=pass
control_data=pass
control_security=pass
control_secret=pass
control_observability=pass
control_rollback_confidence=pass
control_maintenance_deadline=pass
instrumentation_schema=pass
instrumentation_numeric=pass
instrumentation_oom=pass
instrumentation_sample_timeout=pass
instrumentation_jq=pass
instrumentation_cgroup=pass
instrumentation_proc=pass
instrumentation_psi=pass
instrumentation_process=pass
instrumentation_fd=pass
instrumentation_socket=pass
instrumentation_cpu=pass
instrumentation_postgres=pass
instrumentation_redis=pass
instrumentation_disk=pass
instrumentation_dependency=pass
instrumentation_health=pass
instrumentation_identity=pass
instrumentation_oom=pass
instrumentation_data=pass
instrumentation_security=pass
instrumentation_secret=pass
instrumentation_observability=pass
generated_docker_timeout=pass
generated_docker_error=pass
generated_image_timeout=pass
generated_image_error=pass
generated_postgres_timeout=pass
generated_postgres_error=pass
generated_redis_timeout=pass
generated_redis_error=pass
generated_health_timeout=pass
generated_health_error=pass
generated_dependency_timeout=pass
generated_dependency_error=pass
generated_journal_timeout=pass
generated_journal_error=pass
fixed_projection_docker=pass
fixed_projection_image=pass
fixed_projection_dependency=pass
generated_journal_match_distinct=pass
three_timeout_cycles_elapsed_2.800=pass
missing_protected-baseline_sha256=pass
missing_control-state=pass
missing_maintenance-deadline-monotonic=pass
missing_rollback-confidence=pass
missing_dependencies_digest=pass
missing_watchdog-start-wall=pass
invalid_rollback_confidence=pass
invalid_control=pass
expired_deadline=pass
