host_id=109
update_transport=supported_authenticated_npm_api
update_status=200
prior_advanced_config=empty
prior_advanced_config_preserved=true
unrelated_route_preserved=true
generated_file_present=true
server_block_active=true
proxy_buffer_size=32k
proxy_buffers=4x32k
proxy_busy_buffers_size=64k
proxy_buffering_added=false
nginx_test=successful
public_readiness_status=200
public_unauthenticated_responses_status=401
authenticated_stateless_responses_probe_count=1
authenticated_responses_status=200
authenticated_responses_total_seconds=0.750
response_body_retained=false
response_header_values_retained=false
oversized_header_errors_after_update=0
