outage_detected=true
post_change_npm_container_health=healthy
post_change_nginx_test=successful_for_remaining_configuration
post_change_proxy_host_62_generated_file_present=false
post_change_proxy_host_109_generated_file_present=false
post_change_nas_server_block_present=false
post_change_fedora_server_block_present=false
post_change_nas_public_tls_status=connection_failed_unrecognized_name
post_change_fedora_public_tls_status=connection_failed_unrecognized_name
nas_direct_readiness_status=200
nas_direct_unauthenticated_responses_status=401
fedora_direct_readiness_status=200
fedora_direct_unauthenticated_responses_status=401
cause=standalone_proxy_buffer_size_32k_incompatible_with_inherited_default_proxy_buffer_relationship
rollback_transport=supported_authenticated_npm_api
rollback_host_62_status=200
rollback_host_62_exact_advanced_config_restored=true
rollback_host_109_status=200
rollback_host_109_exact_advanced_config_restored=true
recovery_nginx_test=successful
recovery_proxy_host_62_generated_file_present=true
recovery_proxy_host_109_generated_file_present=true
recovery_host_62_contains_attempted_32k_directive=false
recovery_host_109_contains_attempted_32k_directive=false
recovery_nas_public_readiness_status=200
recovery_fedora_public_readiness_status=200
recovery_nas_public_unauthenticated_responses_status=401
recovery_fedora_public_unauthenticated_responses_status=401
authenticated_inference_probes_after_outage=0
