RESULT PASS
peer_hostname=fedora
peer_role=non-NAS
target_folder=cjal4-macnp
target_folder_type=receiveonly
base_relative_path=opencode.json
base_type=regular
base_size_bytes=35143
base_mode=0600
base_indexed_local=true
base_indexed_global=true
base_matches_authoritative_NAS=true
base_ignored_or_excluded=false
conflict_artifact_count_before=6
conflict_1_path=opencode.sync-conflict-20260509-095208-O6RLHX5.json
conflict_1_type=regular
conflict_1_size_bytes=15643
conflict_1_mode=0777
conflict_1_mtime_ns=1778312450379595739
conflict_1_timestamp=2026-05-09T09:52:08+02:00
conflict_2_path=opencode.sync-conflict-20260707-161716-O6RLHX5.json
conflict_2_type=regular
conflict_2_size_bytes=16313
conflict_2_mode=0700
conflict_2_mtime_ns=1783424951788338451
conflict_2_timestamp=2026-07-07T16:17:16+02:00
conflict_3_path=opencode.sync-conflict-20260714-132132-O6RLHX5.json
conflict_3_type=regular
conflict_3_size_bytes=26852
conflict_3_mode=0600
conflict_3_mtime_ns=1783932842537620320
conflict_3_timestamp=2026-07-14T13:21:32+02:00
conflict_4_path=opencode.sync-conflict-20260716-152904-O6RLHX5.json
conflict_4_type=regular
conflict_4_size_bytes=34030
conflict_4_mode=0600
conflict_4_mtime_ns=1784208305449377159
conflict_4_timestamp=2026-07-16T15:29:04+02:00
conflict_5_path=opencode.sync-conflict-20260716-153645-O6RLHX5.json
conflict_5_type=regular
conflict_5_size_bytes=34030
conflict_5_mode=0600
conflict_5_mtime_ns=1784208875148709064
conflict_5_timestamp=2026-07-16T15:36:45+02:00
conflict_6_path=opencode.sync-conflict-20260825-153640-O6RLHX5.json
conflict_6_type=regular
conflict_6_size_bytes=35147
conflict_6_mode=0600
conflict_6_mtime_ns=1787350246066713614
conflict_6_timestamp=2026-08-25T15:36:40+02:00
standard_conflict_name_count=6
exact_authorized_set=true
ignored_conflict_artifact_count=0
bounded_config_reference_count=0
process_argument_reference_count=0
open_fd_reference_count=0
deleted_conflict_artifact_count=6
base_file_delete_count=0
backup_created=false
supported_bounded_scan_triggered=true
conflict_artifact_count_after_scan=0
completion_percent_after_scan=100
need_items_after_scan=0
need_bytes_after_scan=0
need_deletes_after_scan=0
pull_errors_after_scan=0
system_errors_after_scan=0
folder_state_after_scan=idle
folder_paused_after_scan=false
base_matches_authoritative_NAS_after_scan=true
second_stable_snapshot=true
restart_count=0
config_edit_count=0
content_output_count=0
protected_hash_output_count=0
